// Jest Snapshot v1, https://goo.gl/fbAQLP

exports[`aggrigateTasks should return all week values for one the Monday task 1`] = `
Object {
  "completedPomodoro": 40,
  "day": 0,
  "pauseCount": 1,
  "pauseTime": 17,
  "workTime": 145.296,
}
`;

exports[`aggrigateTasks should return all week values for one the Monday task 2`] = `
Object {
  "completedPomodoro": 0,
  "day": 1,
  "pauseCount": 0,
  "pauseTime": 0,
  "workTime": 0,
}
`;

exports[`aggrigateTasks should summarize same day value 1`] = `
Object {
  "completedPomodoro": 80,
  "day": 0,
  "pauseCount": 2,
  "pauseTime": 34,
  "workTime": 290.592,
}
`;
