// Jest Snapshot v1, https://goo.gl/fbAQLP

exports[`generateTasks should generate task for 2 weeks 1`] = `
Array [
  Object {
    "completedPomodoro": 40000,
    "id": -15,
    "isCompleted": true,
    "name": "Generated task 14",
    "pauseCount": 1,
    "pauseTime": 17875,
    "pomodoroCount": 3,
    "startDateString": "Mon, 05 Feb 2024 21:00:00 GMT",
    "workTime": 145296,
  },
  Object {
    "completedPomodoro": 20000,
    "id": -14,
    "isCompleted": true,
    "name": "Generated task 13",
    "pauseCount": 1,
    "pauseTime": 9799,
    "pomodoroCount": 3,
    "startDateString": "Tue, 06 Feb 2024 21:00:00 GMT",
    "workTime": 21902,
  },
  Object {
    "completedPomodoro": 20000,
    "id": -13,
    "isCompleted": true,
    "name": "Generated task 12",
    "pauseCount": 1,
    "pauseTime": 5518,
    "pomodoroCount": 3,
    "startDateString": "Wed, 07 Feb 2024 21:00:00 GMT",
    "workTime": 50292,
  },
  Object {
    "completedPomodoro": 0,
    "id": -12,
    "isCompleted": true,
    "name": "Generated task 11",
    "pauseCount": 2,
    "pauseTime": 9067,
    "pomodoroCount": 3,
    "startDateString": "Thu, 08 Feb 2024 21:00:00 GMT",
    "workTime": 176695,
  },
  Object {
    "completedPomodoro": 60000,
    "id": -11,
    "isCompleted": true,
    "name": "Generated task 10",
    "pauseCount": 1,
    "pauseTime": 385,
    "pomodoroCount": 3,
    "startDateString": "Fri, 09 Feb 2024 21:00:00 GMT",
    "workTime": 156904,
  },
  Object {
    "completedPomodoro": 40000,
    "id": -10,
    "isCompleted": true,
    "name": "Generated task 9",
    "pauseCount": 3,
    "pauseTime": 2632,
    "pomodoroCount": 3,
    "startDateString": "Sat, 10 Feb 2024 21:00:00 GMT",
    "workTime": 137157,
  },
  Object {
    "completedPomodoro": 0,
    "id": -9,
    "isCompleted": true,
    "name": "Generated task 8",
    "pauseCount": 0,
    "pauseTime": 4229,
    "pomodoroCount": 3,
    "startDateString": "Sun, 11 Feb 2024 21:00:00 GMT",
    "workTime": 165372,
  },
  Object {
    "completedPomodoro": 40000,
    "id": -8,
    "isCompleted": true,
    "name": "Generated task 7",
    "pauseCount": 2,
    "pauseTime": 5336,
    "pomodoroCount": 3,
    "startDateString": "Mon, 12 Feb 2024 21:00:00 GMT",
    "workTime": 136751,
  },
  Object {
    "completedPomodoro": 20000,
    "id": -7,
    "isCompleted": true,
    "name": "Generated task 6",
    "pauseCount": 3,
    "pauseTime": 1157,
    "pomodoroCount": 3,
    "startDateString": "Tue, 13 Feb 2024 21:00:00 GMT",
    "workTime": 116900,
  },
  Object {
    "completedPomodoro": 40000,
    "id": -6,
    "isCompleted": true,
    "name": "Generated task 5",
    "pauseCount": 3,
    "pauseTime": 4327,
    "pomodoroCount": 3,
    "startDateString": "Wed, 14 Feb 2024 21:00:00 GMT",
    "workTime": 97381,
  },
  Object {
    "completedPomodoro": 0,
    "id": -5,
    "isCompleted": true,
    "name": "Generated task 4",
    "pauseCount": 3,
    "pauseTime": 9050,
    "pomodoroCount": 3,
    "startDateString": "Thu, 15 Feb 2024 21:00:00 GMT",
    "workTime": 25506,
  },
  Object {
    "completedPomodoro": 40000,
    "id": -4,
    "isCompleted": true,
    "name": "Generated task 3",
    "pauseCount": 3,
    "pauseTime": 19336,
    "pomodoroCount": 3,
    "startDateString": "Fri, 16 Feb 2024 21:00:00 GMT",
    "workTime": 14711,
  },
  Object {
    "completedPomodoro": 0,
    "id": -3,
    "isCompleted": true,
    "name": "Generated task 2",
    "pauseCount": 0,
    "pauseTime": 5416,
    "pomodoroCount": 3,
    "startDateString": "Sat, 17 Feb 2024 21:00:00 GMT",
    "workTime": 157778,
  },
  Object {
    "completedPomodoro": 60000,
    "id": -2,
    "isCompleted": true,
    "name": "Generated task 1",
    "pauseCount": 3,
    "pauseTime": 11649,
    "pomodoroCount": 3,
    "startDateString": "Sun, 18 Feb 2024 21:00:00 GMT",
    "workTime": 169003,
  },
  Object {
    "completedPomodoro": 40000,
    "id": -1,
    "isCompleted": true,
    "name": "Generated task 0",
    "pauseCount": 0,
    "pauseTime": 19500,
    "pomodoroCount": 3,
    "startDateString": "Mon, 19 Feb 2024 21:00:00 GMT",
    "workTime": 194853,
  },
]
`;
