// Jest Snapshot v1, https://goo.gl/fbAQLP

exports[`generateStatistic should generate statistic for 2 weeks 1`] = `
Array [
  Object {
    "startDateString": "Tue, 30 Jan 2024 21:00:00 GMT",
    "taskId": -21,
    "type": "work",
    "workTime": 16876,
  },
  Object {
    "completedPomodoro": 20000,
    "startDateString": "Tue, 30 Jan 2024 21:00:00 GMT",
    "taskId": -21,
    "type": "work",
    "workTime": 20000,
  },
  Object {
    "completedPomodoro": 20000,
    "startDateString": "Tue, 30 Jan 2024 21:00:00 GMT",
    "taskId": -21,
    "type": "work",
    "workTime": 20000,
  },
  Object {
    "completedPomodoro": 20000,
    "startDateString": "Tue, 30 Jan 2024 21:00:00 GMT",
    "taskId": -21,
    "type": "work",
    "workTime": 20000,
  },
  Object {
    "startDateString": "Tue, 30 Jan 2024 21:00:00 GMT",
    "taskId": -21,
    "type": "work",
    "workTime": 15067,
  },
  Object {
    "completedPomodoro": 20000,
    "startDateString": "Wed, 31 Jan 2024 21:00:00 GMT",
    "taskId": -20,
    "type": "work",
    "workTime": 20000,
  },
  Object {
    "completedPomodoro": 20000,
    "startDateString": "Wed, 31 Jan 2024 21:00:00 GMT",
    "taskId": -20,
    "type": "work",
    "workTime": 20000,
  },
  Object {
    "completedPomodoro": 20000,
    "startDateString": "Wed, 31 Jan 2024 21:00:00 GMT",
    "taskId": -20,
    "type": "work",
    "workTime": 20000,
  },
  Object {
    "pauseTime": 11828,
    "startDateString": "Wed, 31 Jan 2024 21:00:00 GMT",
    "taskId": -20,
    "type": "pause",
  },
  Object {
    "completedPomodoro": 20000,
    "startDateString": "Wed, 31 Jan 2024 21:00:00 GMT",
    "taskId": -20,
    "type": "work",
    "workTime": 20000,
  },
  Object {
    "completedPomodoro": 20000,
    "startDateString": "Thu, 01 Feb 2024 21:00:00 GMT",
    "taskId": -19,
    "type": "work",
    "workTime": 20000,
  },
  Object {
    "completedPomodoro": 20000,
    "startDateString": "Thu, 01 Feb 2024 21:00:00 GMT",
    "taskId": -19,
    "type": "work",
    "workTime": 20000,
  },
  Object {
    "startDateString": "Thu, 01 Feb 2024 21:00:00 GMT",
    "taskId": -19,
    "type": "work",
    "workTime": 18312,
  },
  Object {
    "completedPomodoro": 20000,
    "startDateString": "Thu, 01 Feb 2024 21:00:00 GMT",
    "taskId": -19,
    "type": "work",
    "workTime": 20000,
  },
  Object {
    "pauseTime": 9929,
    "startDateString": "Thu, 01 Feb 2024 21:00:00 GMT",
    "taskId": -19,
    "type": "pause",
  },
  Object {
    "completedPomodoro": 20000,
    "startDateString": "Fri, 02 Feb 2024 21:00:00 GMT",
    "taskId": -18,
    "type": "work",
    "workTime": 20000,
  },
  Object {
    "completedPomodoro": 20000,
    "startDateString": "Fri, 02 Feb 2024 21:00:00 GMT",
    "taskId": -18,
    "type": "work",
    "workTime": 20000,
  },
  Object {
    "completedPomodoro": 20000,
    "startDateString": "Fri, 02 Feb 2024 21:00:00 GMT",
    "taskId": -18,
    "type": "work",
    "workTime": 20000,
  },
  Object {
    "completedPomodoro": 20000,
    "startDateString": "Fri, 02 Feb 2024 21:00:00 GMT",
    "taskId": -18,
    "type": "work",
    "workTime": 20000,
  },
  Object {
    "startDateString": "Fri, 02 Feb 2024 21:00:00 GMT",
    "taskId": -18,
    "type": "work",
    "workTime": 17603,
  },
  Object {
    "completedPomodoro": 20000,
    "startDateString": "Sat, 03 Feb 2024 21:00:00 GMT",
    "taskId": -17,
    "type": "work",
    "workTime": 20000,
  },
  Object {
    "completedPomodoro": 20000,
    "startDateString": "Sat, 03 Feb 2024 21:00:00 GMT",
    "taskId": -17,
    "type": "work",
    "workTime": 20000,
  },
  Object {
    "completedPomodoro": 20000,
    "startDateString": "Sat, 03 Feb 2024 21:00:00 GMT",
    "taskId": -17,
    "type": "work",
    "workTime": 20000,
  },
  Object {
    "completedPomodoro": 20000,
    "startDateString": "Sat, 03 Feb 2024 21:00:00 GMT",
    "taskId": -17,
    "type": "work",
    "workTime": 20000,
  },
  Object {
    "completedPomodoro": 20000,
    "startDateString": "Sat, 03 Feb 2024 21:00:00 GMT",
    "taskId": -17,
    "type": "work",
    "workTime": 20000,
  },
  Object {
    "completedPomodoro": 20000,
    "startDateString": "Sun, 04 Feb 2024 21:00:00 GMT",
    "taskId": -16,
    "type": "work",
    "workTime": 20000,
  },
  Object {
    "completedPomodoro": 20000,
    "startDateString": "Sun, 04 Feb 2024 21:00:00 GMT",
    "taskId": -16,
    "type": "work",
    "workTime": 20000,
  },
  Object {
    "pauseTime": 9032,
    "startDateString": "Sun, 04 Feb 2024 21:00:00 GMT",
    "taskId": -16,
    "type": "pause",
  },
  Object {
    "completedPomodoro": 20000,
    "startDateString": "Sun, 04 Feb 2024 21:00:00 GMT",
    "taskId": -16,
    "type": "work",
    "workTime": 20000,
  },
  Object {
    "completedPomodoro": 20000,
    "startDateString": "Sun, 04 Feb 2024 21:00:00 GMT",
    "taskId": -16,
    "type": "work",
    "workTime": 20000,
  },
  Object {
    "pauseTime": 7931,
    "startDateString": "Mon, 05 Feb 2024 21:00:00 GMT",
    "taskId": -15,
    "type": "pause",
  },
  Object {
    "completedPomodoro": 20000,
    "startDateString": "Mon, 05 Feb 2024 21:00:00 GMT",
    "taskId": -15,
    "type": "work",
    "workTime": 20000,
  },
  Object {
    "pauseTime": 13358,
    "startDateString": "Mon, 05 Feb 2024 21:00:00 GMT",
    "taskId": -15,
    "type": "pause",
  },
  Object {
    "completedPomodoro": 20000,
    "startDateString": "Mon, 05 Feb 2024 21:00:00 GMT",
    "taskId": -15,
    "type": "work",
    "workTime": 20000,
  },
  Object {
    "completedPomodoro": 20000,
    "startDateString": "Mon, 05 Feb 2024 21:00:00 GMT",
    "taskId": -15,
    "type": "work",
    "workTime": 20000,
  },
  Object {
    "pauseTime": 19322,
    "startDateString": "Tue, 06 Feb 2024 21:00:00 GMT",
    "taskId": -14,
    "type": "pause",
  },
  Object {
    "completedPomodoro": 20000,
    "startDateString": "Tue, 06 Feb 2024 21:00:00 GMT",
    "taskId": -14,
    "type": "work",
    "workTime": 20000,
  },
  Object {
    "startDateString": "Tue, 06 Feb 2024 21:00:00 GMT",
    "taskId": -14,
    "type": "work",
    "workTime": 6013,
  },
  Object {
    "pauseTime": 2602,
    "startDateString": "Tue, 06 Feb 2024 21:00:00 GMT",
    "taskId": -14,
    "type": "pause",
  },
  Object {
    "completedPomodoro": 20000,
    "startDateString": "Tue, 06 Feb 2024 21:00:00 GMT",
    "taskId": -14,
    "type": "work",
    "workTime": 20000,
  },
  Object {
    "startDateString": "Wed, 07 Feb 2024 21:00:00 GMT",
    "taskId": -13,
    "type": "work",
    "workTime": 2236,
  },
  Object {
    "completedPomodoro": 20000,
    "startDateString": "Wed, 07 Feb 2024 21:00:00 GMT",
    "taskId": -13,
    "type": "work",
    "workTime": 20000,
  },
  Object {
    "completedPomodoro": 20000,
    "startDateString": "Wed, 07 Feb 2024 21:00:00 GMT",
    "taskId": -13,
    "type": "work",
    "workTime": 20000,
  },
  Object {
    "pauseTime": 7066,
    "startDateString": "Wed, 07 Feb 2024 21:00:00 GMT",
    "taskId": -13,
    "type": "pause",
  },
  Object {
    "completedPomodoro": 20000,
    "startDateString": "Wed, 07 Feb 2024 21:00:00 GMT",
    "taskId": -13,
    "type": "work",
    "workTime": 20000,
  },
  Object {
    "completedPomodoro": 20000,
    "startDateString": "Thu, 08 Feb 2024 21:00:00 GMT",
    "taskId": -12,
    "type": "work",
    "workTime": 20000,
  },
  Object {
    "completedPomodoro": 20000,
    "startDateString": "Thu, 08 Feb 2024 21:00:00 GMT",
    "taskId": -12,
    "type": "work",
    "workTime": 20000,
  },
  Object {
    "completedPomodoro": 20000,
    "startDateString": "Thu, 08 Feb 2024 21:00:00 GMT",
    "taskId": -12,
    "type": "work",
    "workTime": 20000,
  },
  Object {
    "startDateString": "Thu, 08 Feb 2024 21:00:00 GMT",
    "taskId": -12,
    "type": "work",
    "workTime": 3701,
  },
  Object {
    "completedPomodoro": 20000,
    "startDateString": "Thu, 08 Feb 2024 21:00:00 GMT",
    "taskId": -12,
    "type": "work",
    "workTime": 20000,
  },
  Object {
    "pauseTime": 15519,
    "startDateString": "Fri, 09 Feb 2024 21:00:00 GMT",
    "taskId": -11,
    "type": "pause",
  },
  Object {
    "completedPomodoro": 20000,
    "startDateString": "Fri, 09 Feb 2024 21:00:00 GMT",
    "taskId": -11,
    "type": "work",
    "workTime": 20000,
  },
  Object {
    "startDateString": "Fri, 09 Feb 2024 21:00:00 GMT",
    "taskId": -11,
    "type": "work",
    "workTime": 6871,
  },
  Object {
    "startDateString": "Fri, 09 Feb 2024 21:00:00 GMT",
    "taskId": -11,
    "type": "work",
    "workTime": 1547,
  },
  Object {
    "completedPomodoro": 20000,
    "startDateString": "Fri, 09 Feb 2024 21:00:00 GMT",
    "taskId": -11,
    "type": "work",
    "workTime": 20000,
  },
  Object {
    "completedPomodoro": 20000,
    "startDateString": "Sat, 10 Feb 2024 21:00:00 GMT",
    "taskId": -10,
    "type": "work",
    "workTime": 20000,
  },
  Object {
    "completedPomodoro": 20000,
    "startDateString": "Sat, 10 Feb 2024 21:00:00 GMT",
    "taskId": -10,
    "type": "work",
    "workTime": 20000,
  },
  Object {
    "startDateString": "Sat, 10 Feb 2024 21:00:00 GMT",
    "taskId": -10,
    "type": "work",
    "workTime": 17502,
  },
  Object {
    "pauseTime": 19660,
    "startDateString": "Sat, 10 Feb 2024 21:00:00 GMT",
    "taskId": -10,
    "type": "pause",
  },
  Object {
    "startDateString": "Sat, 10 Feb 2024 21:00:00 GMT",
    "taskId": -10,
    "type": "work",
    "workTime": 4876,
  },
  Object {
    "completedPomodoro": 20000,
    "startDateString": "Sun, 11 Feb 2024 21:00:00 GMT",
    "taskId": -9,
    "type": "work",
    "workTime": 20000,
  },
  Object {
    "completedPomodoro": 20000,
    "startDateString": "Sun, 11 Feb 2024 21:00:00 GMT",
    "taskId": -9,
    "type": "work",
    "workTime": 20000,
  },
  Object {
    "completedPomodoro": 20000,
    "startDateString": "Sun, 11 Feb 2024 21:00:00 GMT",
    "taskId": -9,
    "type": "work",
    "workTime": 20000,
  },
  Object {
    "startDateString": "Sun, 11 Feb 2024 21:00:00 GMT",
    "taskId": -9,
    "type": "work",
    "workTime": 17466,
  },
  Object {
    "completedPomodoro": 20000,
    "startDateString": "Sun, 11 Feb 2024 21:00:00 GMT",
    "taskId": -9,
    "type": "work",
    "workTime": 20000,
  },
  Object {
    "completedPomodoro": 20000,
    "startDateString": "Mon, 12 Feb 2024 21:00:00 GMT",
    "taskId": -8,
    "type": "work",
    "workTime": 20000,
  },
  Object {
    "completedPomodoro": 20000,
    "startDateString": "Mon, 12 Feb 2024 21:00:00 GMT",
    "taskId": -8,
    "type": "work",
    "workTime": 20000,
  },
  Object {
    "completedPomodoro": 20000,
    "startDateString": "Mon, 12 Feb 2024 21:00:00 GMT",
    "taskId": -8,
    "type": "work",
    "workTime": 20000,
  },
  Object {
    "completedPomodoro": 20000,
    "startDateString": "Mon, 12 Feb 2024 21:00:00 GMT",
    "taskId": -8,
    "type": "work",
    "workTime": 20000,
  },
  Object {
    "startDateString": "Mon, 12 Feb 2024 21:00:00 GMT",
    "taskId": -8,
    "type": "work",
    "workTime": 10930,
  },
  Object {
    "startDateString": "Tue, 13 Feb 2024 21:00:00 GMT",
    "taskId": -7,
    "type": "work",
    "workTime": 14463,
  },
  Object {
    "completedPomodoro": 20000,
    "startDateString": "Tue, 13 Feb 2024 21:00:00 GMT",
    "taskId": -7,
    "type": "work",
    "workTime": 20000,
  },
  Object {
    "completedPomodoro": 20000,
    "startDateString": "Tue, 13 Feb 2024 21:00:00 GMT",
    "taskId": -7,
    "type": "work",
    "workTime": 20000,
  },
  Object {
    "completedPomodoro": 20000,
    "startDateString": "Tue, 13 Feb 2024 21:00:00 GMT",
    "taskId": -7,
    "type": "work",
    "workTime": 20000,
  },
  Object {
    "pauseTime": 3860,
    "startDateString": "Tue, 13 Feb 2024 21:00:00 GMT",
    "taskId": -7,
    "type": "pause",
  },
  Object {
    "pauseTime": 7601,
    "startDateString": "Wed, 14 Feb 2024 21:00:00 GMT",
    "taskId": -6,
    "type": "pause",
  },
  Object {
    "completedPomodoro": 20000,
    "startDateString": "Wed, 14 Feb 2024 21:00:00 GMT",
    "taskId": -6,
    "type": "work",
    "workTime": 20000,
  },
  Object {
    "completedPomodoro": 20000,
    "startDateString": "Wed, 14 Feb 2024 21:00:00 GMT",
    "taskId": -6,
    "type": "work",
    "workTime": 20000,
  },
  Object {
    "completedPomodoro": 20000,
    "startDateString": "Wed, 14 Feb 2024 21:00:00 GMT",
    "taskId": -6,
    "type": "work",
    "workTime": 20000,
  },
  Object {
    "completedPomodoro": 20000,
    "startDateString": "Wed, 14 Feb 2024 21:00:00 GMT",
    "taskId": -6,
    "type": "work",
    "workTime": 20000,
  },
  Object {
    "completedPomodoro": 20000,
    "startDateString": "Thu, 15 Feb 2024 21:00:00 GMT",
    "taskId": -5,
    "type": "work",
    "workTime": 20000,
  },
  Object {
    "completedPomodoro": 20000,
    "startDateString": "Thu, 15 Feb 2024 21:00:00 GMT",
    "taskId": -5,
    "type": "work",
    "workTime": 20000,
  },
  Object {
    "completedPomodoro": 20000,
    "startDateString": "Thu, 15 Feb 2024 21:00:00 GMT",
    "taskId": -5,
    "type": "work",
    "workTime": 20000,
  },
  Object {
    "completedPomodoro": 20000,
    "startDateString": "Thu, 15 Feb 2024 21:00:00 GMT",
    "taskId": -5,
    "type": "work",
    "workTime": 20000,
  },
  Object {
    "completedPomodoro": 20000,
    "startDateString": "Thu, 15 Feb 2024 21:00:00 GMT",
    "taskId": -5,
    "type": "work",
    "workTime": 20000,
  },
  Object {
    "startDateString": "Fri, 16 Feb 2024 21:00:00 GMT",
    "taskId": -4,
    "type": "work",
    "workTime": 14624,
  },
  Object {
    "completedPomodoro": 20000,
    "startDateString": "Fri, 16 Feb 2024 21:00:00 GMT",
    "taskId": -4,
    "type": "work",
    "workTime": 20000,
  },
  Object {
    "completedPomodoro": 20000,
    "startDateString": "Fri, 16 Feb 2024 21:00:00 GMT",
    "taskId": -4,
    "type": "work",
    "workTime": 20000,
  },
  Object {
    "startDateString": "Fri, 16 Feb 2024 21:00:00 GMT",
    "taskId": -4,
    "type": "work",
    "workTime": 15690,
  },
  Object {
    "startDateString": "Fri, 16 Feb 2024 21:00:00 GMT",
    "taskId": -4,
    "type": "work",
    "workTime": 19077,
  },
  Object {
    "completedPomodoro": 20000,
    "startDateString": "Sat, 17 Feb 2024 21:00:00 GMT",
    "taskId": -3,
    "type": "work",
    "workTime": 20000,
  },
  Object {
    "startDateString": "Sat, 17 Feb 2024 21:00:00 GMT",
    "taskId": -3,
    "type": "work",
    "workTime": 3466,
  },
  Object {
    "completedPomodoro": 20000,
    "startDateString": "Sat, 17 Feb 2024 21:00:00 GMT",
    "taskId": -3,
    "type": "work",
    "workTime": 20000,
  },
  Object {
    "startDateString": "Sat, 17 Feb 2024 21:00:00 GMT",
    "taskId": -3,
    "type": "work",
    "workTime": 12470,
  },
  Object {
    "pauseTime": 1157,
    "startDateString": "Sat, 17 Feb 2024 21:00:00 GMT",
    "taskId": -3,
    "type": "pause",
  },
  Object {
    "completedPomodoro": 20000,
    "startDateString": "Sun, 18 Feb 2024 21:00:00 GMT",
    "taskId": -2,
    "type": "work",
    "workTime": 20000,
  },
  Object {
    "startDateString": "Sun, 18 Feb 2024 21:00:00 GMT",
    "taskId": -2,
    "type": "work",
    "workTime": 4327,
  },
  Object {
    "completedPomodoro": 20000,
    "startDateString": "Sun, 18 Feb 2024 21:00:00 GMT",
    "taskId": -2,
    "type": "work",
    "workTime": 20000,
  },
  Object {
    "pauseTime": 9050,
    "startDateString": "Sun, 18 Feb 2024 21:00:00 GMT",
    "taskId": -2,
    "type": "pause",
  },
  Object {
    "startDateString": "Sun, 18 Feb 2024 21:00:00 GMT",
    "taskId": -2,
    "type": "work",
    "workTime": 501,
  },
  Object {
    "pauseTime": 1471,
    "startDateString": "Mon, 19 Feb 2024 21:00:00 GMT",
    "taskId": -1,
    "type": "pause",
  },
  Object {
    "startDateString": "Mon, 19 Feb 2024 21:00:00 GMT",
    "taskId": -1,
    "type": "work",
    "workTime": 1958,
  },
  Object {
    "startDateString": "Mon, 19 Feb 2024 21:00:00 GMT",
    "taskId": -1,
    "type": "work",
    "workTime": 11649,
  },
  Object {
    "pauseTime": 15145,
    "startDateString": "Mon, 19 Feb 2024 21:00:00 GMT",
    "taskId": -1,
    "type": "pause",
  },
  Object {
    "startDateString": "Mon, 19 Feb 2024 21:00:00 GMT",
    "taskId": -1,
    "type": "work",
    "workTime": 19485,
  },
]
`;
