// Jest Snapshot v1, https://goo.gl/fbAQLP

exports[`Statistic slice aggrigateTasks should return all week values for one the Monday item 1`] = `
Object {
  "completedPomodoro": 0.6666666666666666,
  "day": 0,
  "pauseCount": 0,
  "pauseTime": 0.29791666666666666,
  "workTime": 2.4216,
}
`;

exports[`Statistic slice aggrigateTasks should return all week values for one the Monday item 2`] = `
Object {
  "completedPomodoro": 0,
  "day": 1,
  "pauseCount": 0,
  "pauseTime": 0,
  "workTime": 0,
}
`;

exports[`Statistic slice aggrigateTasks should summarize same day values 1`] = `
Object {
  "completedPomodoro": 1.3333333333333333,
  "day": 0,
  "pauseCount": 2,
  "pauseTime": 0.89375,
  "workTime": 4.8432,
}
`;
