// Jest Snapshot v1, https://goo.gl/fbAQLP

exports[`Statistic slice aggrigateTasks should return all week values for one the Monday item 1`] = `
Object {
  "completedPomodoro": 40,
  "day": 0,
  "pauseCount": 0,
  "pauseTime": 17.875,
  "workTime": 145.296,
}
`;

exports[`Statistic slice aggrigateTasks should return all week values for one the Monday item 2`] = `
Object {
  "completedPomodoro": 0,
  "day": 1,
  "pauseCount": 0,
  "pauseTime": 0,
  "workTime": 0,
}
`;

exports[`Statistic slice aggrigateTasks should summarize same day values 1`] = `
Object {
  "completedPomodoro": 80,
  "day": 0,
  "pauseCount": 2,
  "pauseTime": 53.625,
  "workTime": 290.592,
}
`;
